-- do setup for this package (i.e., install the package and create the functions)
\! BOOST_HOME=$SOURCE/../third-party/boost/boost_1_38_0 ../../tools/make_package -d .. -o $TMPDIR/CompatLibFunctions.vpkg -s $TARGET/VerticaSDK
make[1]: Nothing to be done for `all'.
	zip warning: name not matched: bin
  adding: src/ (stored 0%)
  adding: src/ddl.sql (deflated 29%)
  adding: lib/ (stored 0%)
  adding: lib/CompatLibFunctions.so (deflated 46%)
  adding: examples/ (stored 0%)
  adding: examples/connect_by_path.sql (deflated 53%)
  adding: install.sh (deflated 42%)
  adding: readme.txt (deflated 11%)
\! ../../tools/install_package -p $TMPDIR/CompatLibFunctions.vpkg 
Archive:  /home/hdinh/vert/Linux64/Test/verticadb500/tmp/CompatLibFunctions.vpkg
   creating: /home/hdinh/vert/Linux64/Test/verticadb500/tmp/CompatLibFunctions.vpkg.extract/src/
  inflating: /home/hdinh/vert/Linux64/Test/verticadb500/tmp/CompatLibFunctions.vpkg.extract/src/ddl.sql  
   creating: /home/hdinh/vert/Linux64/Test/verticadb500/tmp/CompatLibFunctions.vpkg.extract/lib/
  inflating: /home/hdinh/vert/Linux64/Test/verticadb500/tmp/CompatLibFunctions.vpkg.extract/lib/CompatLibFunctions.so  
   creating: /home/hdinh/vert/Linux64/Test/verticadb500/tmp/CompatLibFunctions.vpkg.extract/examples/
  inflating: /home/hdinh/vert/Linux64/Test/verticadb500/tmp/CompatLibFunctions.vpkg.extract/examples/connect_by_path.sql  
  inflating: /home/hdinh/vert/Linux64/Test/verticadb500/tmp/CompatLibFunctions.vpkg.extract/install.sh  
  inflating: /home/hdinh/vert/Linux64/Test/verticadb500/tmp/CompatLibFunctions.vpkg.extract/readme.txt  
             version              
----------------------------------
 Vertica Analytic Database v5.0.4
(1 row)

CREATE LIBRARY
CREATE TRANSFORM FUNCTION
select version();
             version              
----------------------------------
 Vertica Analytic Database v5.0.4
(1 row)

create table company (id int, supervisor_id int, name varchar(20));
